// Jest Snapshot v1, https://goo.gl/fbAQLP

exports[`Button renders correctly 1`] = `
<a
  className="button"
  href="https://www.google.co.uk/"
  rel="noreferrer"
  target="_blank"
>
  Test
</a>
`;
